[INFO] Scanning for projects...
[INFO] 
[INFO] ------------------------< com.railpost:backend >------------------------
[INFO] Building RailPost Backend 1.0.0
[INFO]   from pom.xml
[INFO] --------------------------------[ jar ]---------------------------------
[INFO] 
[INFO] >>> spring-boot:3.5.14:run (default-cli) > test-compile @ backend >>>
[INFO] 
[INFO] --- resources:3.3.1:resources (default-resources) @ backend ---
[INFO] Copying 1 resource from src\main\resources to target\classes
[INFO] Copying 0 resource from src\main\resources to target\classes
[INFO] 
[INFO] --- compiler:3.14.1:compile (default-compile) @ backend ---
[INFO] Nothing to compile - all classes are up to date.
[INFO] 
[INFO] --- resources:3.3.1:testResources (default-testResources) @ backend ---
[INFO] skip non existing resourceDirectory C:\Users\Ridmi\Desktop\railpost\backend\src\test\resources
[INFO] 
[INFO] --- compiler:3.14.1:testCompile (default-testCompile) @ backend ---
[INFO] Nothing to compile - all classes are up to date.
[INFO] 
[INFO] <<< spring-boot:3.5.14:run (default-cli) < test-compile @ backend <<<
[INFO] 
[INFO] 
[INFO] --- spring-boot:3.5.14:run (default-cli) @ backend ---
[INFO] Attaching agents: []

  .   ____          _            __ _ _
 /\\ / ___'_ __ _ _(_)_ __  __ _ \ \ \ \
( ( )\___ | '_ | '_| | '_ \/ _` | \ \ \ \
 \\/  ___)| |_)| | | | | || (_| |  ) ) ) )
  '  |____| .__|_| |_|_| |_\__, | / / / /
 =========|_|==============|___/=/_/_/_/

 :: Spring Boot ::               (v3.5.14)

2026-06-03T21:26:56.594+05:30  INFO 13376 --- [railpost-backend] [           main] com.railpost.RailPostApplication         : Starting RailPostApplication using Java 17.0.9 with PID 13376 (C:\Users\Ridmi\Desktop\railpost\backend\target\classes started by Ridmi in C:\Users\Ridmi\Desktop\railpost\backend)
2026-06-03T21:26:56.601+05:30 DEBUG 13376 --- [railpost-backend] [           main] com.railpost.RailPostApplication         : Running with Spring Boot v3.5.14, Spring v6.2.18
2026-06-03T21:26:56.603+05:30  INFO 13376 --- [railpost-backend] [           main] com.railpost.RailPostApplication         : No active profile set, falling back to 1 default profile: "default"
2026-06-03T21:26:58.942+05:30  INFO 13376 --- [railpost-backend] [           main] .s.d.r.c.RepositoryConfigurationDelegate : Bootstrapping Spring Data MongoDB repositories in DEFAULT mode.
2026-06-03T21:26:59.241+05:30  INFO 13376 --- [railpost-backend] [           main] .s.d.r.c.RepositoryConfigurationDelegate : Finished Spring Data repository scanning in 284 ms. Found 7 MongoDB repository interfaces.
2026-06-03T21:27:01.035+05:30  INFO 13376 --- [railpost-backend] [           main] o.s.b.w.embedded.tomcat.TomcatWebServer  : Tomcat initialized with port 8081 (http)
2026-06-03T21:27:01.110+05:30  INFO 13376 --- [railpost-backend] [           main] o.apache.catalina.core.StandardService   : Starting service [Tomcat]
2026-06-03T21:27:01.111+05:30  INFO 13376 --- [railpost-backend] [           main] o.apache.catalina.core.StandardEngine    : Starting Servlet engine: [Apache Tomcat/10.1.54]
2026-06-03T21:27:01.382+05:30  INFO 13376 --- [railpost-backend] [           main] o.a.c.c.C.[Tomcat].[localhost].[/]       : Initializing Spring embedded WebApplicationContext
2026-06-03T21:27:01.389+05:30  INFO 13376 --- [railpost-backend] [           main] w.s.c.ServletWebServerApplicationContext : Root WebApplicationContext: initialization completed in 4612 ms
2026-06-03T21:27:02.301+05:30  INFO 13376 --- [railpost-backend] [           main] org.mongodb.driver.client                : MongoClient with metadata {"driver": {"name": "mongo-java-driver|sync|spring-boot", "version": "5.5.2"}, "os": {"type": "Windows", "name": "Windows 10", "architecture": "amd64", "version": "10.0"}, "platform": "Java/Oracle Corporation/17.0.9+11-LTS-201"} created with settings MongoClientSettings{readPreference=primary, writeConcern=WriteConcern{w=null, wTimeout=null ms, journal=null}, retryWrites=true, retryReads=true, readConcern=ReadConcern{level=null}, credential=null, transportSettings=null, commandListeners=[], codecRegistry=ProvidersCodecRegistry{codecProviders=[ValueCodecProvider{}, BsonValueCodecProvider{}, DBRefCodecProvider{}, DBObjectCodecProvider{}, DocumentCodecProvider{}, CollectionCodecProvider{}, IterableCodecProvider{}, MapCodecProvider{}, GeoJsonCodecProvider{}, GridFSFileCodecProvider{}, Jsr310CodecProvider{}, JsonObjectCodecProvider{}, BsonCodecProvider{}, EnumCodecProvider{}, com.mongodb.client.model.mql.ExpressionCodecProvider@3bb9ca38, com.mongodb.Jep395RecordCodecProvider@160e99e0, com.mongodb.KotlinCodecProvider@4f3e9fbb]}, loggerSettings=LoggerSettings{maxDocumentLength=1000}, clusterSettings={hosts=[localhost:27017], srvServiceName=mongodb, mode=SINGLE, requiredClusterType=UNKNOWN, requiredReplicaSetName='null', serverSelector='null', clusterListeners='[]', serverSelectionTimeout='30000 ms', localThreshold='15 ms'}, socketSettings=SocketSettings{connectTimeoutMS=10000, readTimeoutMS=0, receiveBufferSize=0, proxySettings=ProxySettings{host=null, port=null, username=null, password=null}}, heartbeatSocketSettings=SocketSettings{connectTimeoutMS=10000, readTimeoutMS=10000, receiveBufferSize=0, proxySettings=ProxySettings{host=null, port=null, username=null, password=null}}, connectionPoolSettings=ConnectionPoolSettings{maxSize=100, minSize=0, maxWaitTimeMS=120000, maxConnectionLifeTimeMS=0, maxConnectionIdleTimeMS=0, maintenanceInitialDelayMS=0, maintenanceFrequencyMS=60000, connectionPoolListeners=[], maxConnecting=2}, serverSettings=ServerSettings{heartbeatFrequencyMS=10000, minHeartbeatFrequencyMS=500, serverMonitoringMode=AUTO, serverListeners='[]', serverMonitorListeners='[]'}, sslSettings=SslSettings{enabled=false, invalidHostNameAllowed=false, context=null}, applicationName='null', compressorList=[], uuidRepresentation=JAVA_LEGACY, serverApi=null, autoEncryptionSettings=null, dnsClient=null, inetAddressResolver=null, contextProvider=null, timeoutMS=null}
2026-06-03T21:27:02.372+05:30  INFO 13376 --- [railpost-backend] [localhost:27017] org.mongodb.driver.cluster               : Monitor thread successfully connected to server with description ServerDescription{address=localhost:27017, type=STANDALONE, cryptd=false, state=CONNECTED, ok=true, minWireVersion=0, maxWireVersion=27, maxDocumentSize=16777216, logicalSessionTimeoutMinutes=30, roundTripTimeNanos=59276300, minRoundTripTimeNanos=0}
2026-06-03T21:27:03.457+05:30 DEBUG 13376 --- [railpost-backend] [           main] c.r.security.JwtAuthenticationFilter     : Filter 'jwtAuthenticationFilter' configured for use
2026-06-03T21:27:04.766+05:30  INFO 13376 --- [railpost-backend] [           main] r$InitializeUserDetailsManagerConfigurer : Global AuthenticationManager configured with UserDetailsService bean with name userDetailsServiceImpl
2026-06-03T21:27:06.736+05:30  INFO 13376 --- [railpost-backend] [           main] o.s.b.w.embedded.tomcat.TomcatWebServer  : Tomcat started on port 8081 (http) with context path '/'
2026-06-03T21:27:06.793+05:30  INFO 13376 --- [railpost-backend] [           main] com.railpost.RailPostApplication         : Started RailPostApplication in 11.978 seconds (process running for 13.42)
====== DB MIGRATION COMPLETE ======
2026-06-03T21:27:07.266+05:30  INFO 13376 --- [railpost-backend] [           main] com.railpost.util.DataSeeder             : Admin already exists — skipping seed
